// Jest Snapshot v1, https://goo.gl/fbAQLP

exports[`Tooltip Tooltip component renders correctly 1`] = `
<div
  className="Tooltip"
  data-for="test"
  data-tip={true}
>
  Tooltip link
  Tooltip content
</div>
`;
