// Jest Snapshot v1, https://goo.gl/fbAQLP

exports[`Avatar Avatar component renders correctly 1`] = `
<div
  className="Avatar"
  style={
    Object {
      "backgroundImage": "url(/test.jpg)",
      "height": "30px",
      "width": "30px",
    }
  }
/>
`;
