// Jest Snapshot v1, https://goo.gl/fbAQLP

exports[`Header Header component renders correctly 1`] = `ShallowWrapper {}`;
