// Jest Snapshot v1, https://goo.gl/fbAQLP

exports[`ErrorBoundary ErrorBoundary component renders correctly 1`] = `ShallowWrapper {}`;
